Microchip MPLAB XC8 Compiler V1.12 ()

Linker command line:

--edf=C:\Program Files\Microchip\xc8\v1.12\dat\en_msgs.txt -cs \
  -h+current.sym -z -Q18F2550 -ol.obj -Mcurrent.map -E1 -ver=XC8 \
  -ACODE=00h-07FFFh -ACONST=00h-07FFFh -ASMALLCONST=0800h-08FFhx120 \
  -AMEDIUMCONST=0800h-07FFFh -ACOMRAM=01h-05Fh -AABS1=00h-07FFh \
  -ABIGRAM=01h-07FFh -ARAM=060h-0FFh,0100h-01FFhx7 -ABANK0=060h-0FFh \
  -ABANK1=0100h-01FFh -ABANK2=0200h-02FFh -ABANK3=0300h-03FFh \
  -ABANK4=0400h-04FFh -ABANK5=0500h-05FFh -ABANK6=0600h-06FFh \
  -ABANK7=0700h-07FFh -ASFR=0F60h-0FFFh \
  -preset_vec=00h,intcode,intcodelo,powerup,init,end_init -pramtop=0800h \
  -psmallconst=SMALLCONST -pmediumconst=MEDIUMCONST -pconst=CONST \
  -AFARRAM=00h-00h -ACONFIG=0300000h-030000Dh -pconfig=CONFIG \
  -AIDLOC=0200000h-0200007h -pidloc=IDLOC -AEEDATA=0F00000h-0F000FFh \
  -peeprom_data=EEDATA \
  -prdata=COMRAM,nvrram=COMRAM,nvbit=COMRAM,rbss=COMRAM,rbit=COMRAM \
  -pfarbss=FARRAM,fardata=FARRAM \
  -pintsave_regs=BIGRAM,bigbss=BIGRAM,bigdata=BIGRAM -pbss=RAM \
  -pidata=CODE,irdata=CODE,ibigdata=CODE,ifardata=CODE startup.obj \
  current.obj 

Object code version is 3.10

Machine type is 18F2550

Call graph: (short form)




                Name                               Link     Load   Length Selector   Space Scale
startup.obj     end_init                              0        0        4        0       0
                config                           300000   300000        8   300000       0
current.obj     smallconst                          800      800       1A      400       0
                text16                              FBA      FBA       3E      40D       0
                text15                              F5E      F5E       5C      40D       0
                text14                              E88      E88       6C      40D       0
                text13                              DF0      DF0       98      40D       0
                text12                             1076     1076        E      40D       0
                text11                             109C     109C        A      40D       0
                text10                             1090     1090        C      40D       0
                text9                              1084     1084        C      40D       0
                text8                               C3C      C3C       F6      40D       0
                text7                              1064     1064       12      40D       0
                text6                              1050     1050       14      40D       0
                text5                               B00      B00      13C      40D       0
                text4                              103A     103A       16      40D       0
                text3                               EF4      EF4       6A      40D       0
                text2                              1024     1024       16      40D       0
                text1                               D32      D32       BE      40D       0
                text0                               81A      81A      2E6      40D       0
                cstackCOMRAM                          1        1       20        1       1
                dataCOMRAM                           2B       2B        1        1       1
                bssCOMRAM                            21       21        A        1       1
                cinit                               FF8      FF8       2C      40D       0
                idataCOMRAM                        10A6     10A6        1      40D       0

TOTAL           Name                               Link     Load   Length     Space
        CLASS   CODE           
                end_init                              0        0        4         0
                text16                              FBA      FBA       3E         0
                text15                              F5E      F5E       5C         0
                text14                              E88      E88       6C         0
                text13                              DF0      DF0       98         0
                text12                             1076     1076        E         0
                text11                             109C     109C        A         0
                text10                             1090     1090        C         0
                text9                              1084     1084        C         0
                text8                               C3C      C3C       F6         0
                text7                              1064     1064       12         0
                text6                              1050     1050       14         0
                text5                               B00      B00      13C         0
                text4                              103A     103A       16         0
                text3                               EF4      EF4       6A         0
                text2                              1024     1024       16         0
                text1                               D32      D32       BE         0
                text0                               81A      81A      2E6         0
                cinit                               FF8      FF8       2C         0
                idataCOMRAM                        10A6     10A6        1         0

        CLASS   CONST          

        CLASS   SMALLCONST     
                smallconst                          800      800       1A         0

        CLASS   MEDIUMCONST    

        CLASS   COMRAM         
                cstackCOMRAM                          1        1       20         1
                dataCOMRAM                           2B       2B        1         1
                bssCOMRAM                            21       21        A         1

        CLASS   ABS1           

        CLASS   BIGRAM         

        CLASS   RAM            

        CLASS   BANK0          

        CLASS   BANK1          

        CLASS   BANK2          

        CLASS   BANK3          

        CLASS   BANK4          

        CLASS   BANK5          

        CLASS   BANK6          

        CLASS   BANK7          

        CLASS   SFR            

        CLASS   FARRAM         

        CLASS   CONFIG         
                config                           300000   300000        8         0

        CLASS   IDLOC          

        CLASS   EEDATA         



SEGMENTS        Name                           Load    Length   Top    Selector   Space  Class

                reset_vec                      000000  000004  000004         0       0  CODE    
                cstackCOMRAM                   000001  00002B  00002C         1       1  COMRAM  
                smallconst                     000800  00001A  00081A       400       0  SMALLCON
                text0                          00081A  00088D  0010A7       40D       0  CODE    
                config                         300000  000008  300008    300000       0  CONFIG  


UNUSED ADDRESS RANGES

        Name                Unused          Largest block    Delta
        BANK0            000060-0000FF               A0
        BANK1            000100-0001FF              100
        BANK2            000200-0002FF              100
        BANK3            000300-0003FF              100
        BANK4            000400-0004FF              100
        BANK5            000500-0005FF              100
        BANK6            000600-0006FF              100
        BANK7            000700-0007FF              100
        BIGRAM           00002C-0007FF              7D4
        CODE             000004-0007FF              7FC
                         0010A7-007FFF             6F59
        COMRAM           00002C-00005F               34
        CONFIG           300008-30000D                6
        CONST            000004-0007FF              7FC
                         0010A7-007FFF             6F59
        EEDATA           F00000-F000FF              100
        IDLOC            200000-200007                8
        MEDIUMCONST      0010A7-007FFF             6F59
        RAM              000060-0007FF              100
        SFR              000F60-000FFF               A0
        SMALLCONST       0010A7-007FFF              100

                                  Symbol Table

?___lwdiv                  cstackCOMRAM 000001
?___lwmod                  cstackCOMRAM 000001
?___wmul                   cstackCOMRAM 000001
?_lcd_bcd                  cstackCOMRAM 000009
?_lcd_goto                 cstackCOMRAM 000006
?_lcd_putchar              cstackCOMRAM 000006
?_lcd_putstr               cstackCOMRAM 000008
?_read_adc_value           cstackCOMRAM 000009
?_send_lcd_data            cstackCOMRAM 000002
?_set_lcd_data             cstackCOMRAM 000001
?_set_lcd_e                cstackCOMRAM 000001
?_set_lcd_rs               cstackCOMRAM 000001
_ADCON0                    (abs)        000FC2
_ADCON0bits                (abs)        000FC2
_ADCON1                    (abs)        000FC1
_ADCON2                    (abs)        000FC0
_ADRESH                    (abs)        000FC4
_ADRESL                    (abs)        000FC3
_PORTA                     (abs)        000F80
_PORTB                     (abs)        000F81
_PORTBbits                 (abs)        000F81
_PORTC                     (abs)        000F82
_RB0                       (abs)        007C08
_TRISA                     (abs)        000F92
_TRISB                     (abs)        000F93
__CFG_FOSC$HS              (abs)        000000
__CFG_LVP$OFF              (abs)        000000
__CFG_MCLRE$ON             (abs)        000000
__CFG_PBADEN$OFF           (abs)        000000
__CFG_WDT$OFF              (abs)        000000
__HRAM                     (abs)        000000
__Habs1                    abs1         000000
__Hbank0                   bank0        000000
__Hbank1                   bank1        000000
__Hbank2                   bank2        000000
__Hbank3                   bank3        000000
__Hbank4                   bank4        000000
__Hbank5                   bank5        000000
__Hbank6                   bank6        000000
__Hbank7                   bank7        000000
__Hbigbss                  bigbss       000000
__Hbigdata                 bigdata      000000
__Hbigram                  bigram       000000
__Hbss                     bss          000000
__HbssCOMRAM               bssCOMRAM    000000
__Hcinit                   cinit        000000
__Hclrtext                 clrtext      000000
__Hcomram                  comram       000000
__Hconfig                  config       300008
__Hconst                   const        000000
__HcstackCOMRAM            cstackCOMRAM 000000
__Hdata                    data         000000
__HdataCOMRAM              dataCOMRAM   000000
__Heeprom_data             eeprom_data  000000
__Hend_init                end_init     000004
__Hfarbss                  farbss       000000
__Hfardata                 fardata      000000
__Hibigdata                ibigdata     000000
__Hidata                   idata        000000
__HidataCOMRAM             idataCOMRAM  000000
__Hidloc                   idloc        000000
__Hifardata                ifardata     000000
__Hinit                    init         000000
__Hintcode                 intcode      000000
__Hintcode_body            intcode_body 000000
__Hintcodelo               intcodelo    000000
__Hintentry                intentry     000000
__Hintret                  intret       000000
__Hintsave_regs            intsave_regs 000000
__Hirdata                  irdata       000000
__Hmediumconst             mediumconst  000000
__Hnvbit                   nvbit        000000
__Hnvrram                  nvrram       000000
__Hparam                   rparam       000000
__Hpowerup                 powerup      000000
__Hram                     ram          000000
__Hramtop                  ramtop       000800
__Hrbit                    rbit         000000
__Hrbss                    rbss         000000
__Hrdata                   rdata        000000
__Hreset_vec               reset_vec    000000
__Hrparam                  rparam       000000
__Hsfr                     sfr          000000
__Hsmallconst              smallconst   00081A
__Hstruct                  struct       000000
__Htemp                    temp         000000
__Htext                    text         000000
__Htext0                   text0        000000
__Htext1                   text1        000000
__Htext10                  text10       000000
__Htext11                  text11       000000
__Htext12                  text12       000000
__Htext13                  text13       000000
__Htext14                  text14       000000
__Htext15                  text15       000000
__Htext16                  text16       000000
__Htext2                   text2        000000
__Htext3                   text3        000000
__Htext4                   text4        000000
__Htext5                   text5        000000
__Htext6                   text6        000000
__Htext7                   text7        000000
__Htext8                   text8        000000
__Htext9                   text9        000000
__LRAM                     (abs)        000001
__Labs1                    abs1         000000
__Lbank0                   bank0        000000
__Lbank1                   bank1        000000
__Lbank2                   bank2        000000
__Lbank3                   bank3        000000
__Lbank4                   bank4        000000
__Lbank5                   bank5        000000
__Lbank6                   bank6        000000
__Lbank7                   bank7        000000
__Lbigbss                  bigbss       000000
__Lbigdata                 bigdata      000000
__Lbigram                  bigram       000000
__Lbss                     bss          000000
__LbssCOMRAM               bssCOMRAM    000000
__Lcinit                   cinit        000000
__Lclrtext                 clrtext      000000
__Lcomram                  comram       000000
__Lconfig                  config       300000
__Lconst                   const        000000
__LcstackCOMRAM            cstackCOMRAM 000000
__Ldata                    data         000000
__LdataCOMRAM              dataCOMRAM   000000
__Leeprom_data             eeprom_data  000000
__Lend_init                end_init     000000
__Lfarbss                  farbss       000000
__Lfardata                 fardata      000000
__Libigdata                ibigdata     000000
__Lidata                   idata        000000
__LidataCOMRAM             idataCOMRAM  000000
__Lidloc                   idloc        000000
__Lifardata                ifardata     000000
__Linit                    init         000000
__Lintcode                 intcode      000000
__Lintcode_body            intcode_body 000000
__Lintcodelo               intcodelo    000000
__Lintentry                intentry     000000
__Lintret                  intret       000000
__Lintsave_regs            intsave_regs 000000
__Lirdata                  irdata       000000
__Lmediumconst             mediumconst  000000
__Lnvbit                   nvbit        000000
__Lnvrram                  nvrram       000000
__Lparam                   rparam       000000
__Lpowerup                 powerup      000000
__Lram                     ram          000000
__Lramtop                  ramtop       000800
__Lrbit                    rbit         000000
__Lrbss                    rbss         000000
__Lrdata                   rdata        000000
__Lreset_vec               reset_vec    000000
__Lrparam                  rparam       000000
__Lsfr                     sfr          000000
__Lsmallconst              smallconst   000800
__Lstruct                  struct       000000
__Ltemp                    temp         000000
__Ltext                    text         000000
__Ltext0                   text0        000000
__Ltext1                   text1        000000
__Ltext10                  text10       000000
__Ltext11                  text11       000000
__Ltext12                  text12       000000
__Ltext13                  text13       000000
__Ltext14                  text14       000000
__Ltext15                  text15       000000
__Ltext16                  text16       000000
__Ltext2                   text2        000000
__Ltext3                   text3        000000
__Ltext4                   text4        000000
__Ltext5                   text5        000000
__Ltext6                   text6        000000
__Ltext7                   text7        000000
__Ltext8                   text8        000000
__Ltext9                   text9        000000
__S0                       (abs)        300008
__S1                       (abs)        00002C
___lwdiv                   text14       000E88
___lwdiv@counter           cstackCOMRAM 000008
___lwdiv@dividend          cstackCOMRAM 000001
___lwdiv@divisor           cstackCOMRAM 000003
___lwdiv@quotient          cstackCOMRAM 000006
___lwmod                   text15       000F5E
___lwmod@counter           cstackCOMRAM 000006
___lwmod@dividend          cstackCOMRAM 000001
___lwmod@divisor           cstackCOMRAM 000003
___wmul                    text16       000FBA
___wmul@multiplicand       cstackCOMRAM 000003
___wmul@multiplier         cstackCOMRAM 000001
___wmul@product            cstackCOMRAM 000005
__accesstop                (abs)        000060
__activetblptr             (abs)        000001
__end_of___lwdiv           text14       000EF4
__end_of___lwmod           text15       000FBA
__end_of___wmul            text16       000FF8
__end_of__initialization   cinit        001016
__end_of__stringdata       smallconst   000819
__end_of_adc_initialize    text12       001084
__end_of_lcd_2ndline       text4        001050
__end_of_lcd_bcd           text5        000C3C
__end_of_lcd_clr           text2        00103A
__end_of_lcd_goto          text6        001064
__end_of_lcd_init          text1        000DF0
__end_of_lcd_putchar       text7        001076
__end_of_lcd_putstr        text3        000F5E
__end_of_main              text0        000B00
__end_of_read_adc_value    text13       000E88
__end_of_send_lcd_data     text8        000D32
__end_of_set_lcd_data      text11       0010A6
__end_of_set_lcd_e         text9        001090
__end_of_set_lcd_rs        text10       00109C
__initialization           cinit        000FF8
__mediumconst              mediumconst  000000
__pbssCOMRAM               bssCOMRAM    000021
__pcinit                   cinit        000FF8
__pcstackCOMRAM            cstackCOMRAM 000001
__pdataCOMRAM              dataCOMRAM   00002B
__pidataCOMRAM             idataCOMRAM  0010A6
__psmallconst              smallconst   000800
__ptext0                   text0        00081A
__ptext1                   text1        000D32
__ptext10                  text10       001090
__ptext11                  text11       00109C
__ptext12                  text12       001076
__ptext13                  text13       000DF0
__ptext14                  text14       000E88
__ptext15                  text15       000F5E
__ptext16                  text16       000FBA
__ptext2                   text2        001024
__ptext3                   text3        000EF4
__ptext4                   text4        00103A
__ptext5                   text5        000B00
__ptext6                   text6        001050
__ptext7                   text7        001064
__ptext8                   text8        000C3C
__ptext9                   text9        001084
__ramtop                   ramtop       000800
__size_of___lwdiv          (abs)        000000
__size_of___lwmod          (abs)        000000
__size_of___wmul           (abs)        000000
__size_of_adc_initialize   (abs)        000000
__size_of_lcd_2ndline      (abs)        000000
__size_of_lcd_bcd          (abs)        000000
__size_of_lcd_clr          (abs)        000000
__size_of_lcd_goto         (abs)        000000
__size_of_lcd_init         (abs)        000000
__size_of_lcd_putchar      (abs)        000000
__size_of_lcd_putstr       (abs)        000000
__size_of_main             (abs)        000000
__size_of_read_adc_value   (abs)        000000
__size_of_send_lcd_data    (abs)        000000
__size_of_set_lcd_data     (abs)        000000
__size_of_set_lcd_e        (abs)        000000
__size_of_set_lcd_rs       (abs)        000000
__smallconst               smallconst   000800
__stringdata               smallconst   000800
_adc_initialize            text12       001076
_b_4_bits_data_bus         dataCOMRAM   00002B
_lcd_2ndline               text4        00103A
_lcd_bcd                   text5        000B00
_lcd_clr                   text2        001024
_lcd_goto                  text6        001050
_lcd_init                  text1        000D32
_lcd_putchar               text7        001064
_lcd_putstr                text3        000EF4
_main                      text0        00081A
_read_adc_value            text13       000DF0
_send_lcd_data             text8        000C3C
_set_lcd_data              text11       00109C
_set_lcd_e                 text9        001084
_set_lcd_rs                text10       001090
end_of_initialization      cinit        001016
intlevel0                  text         000000
intlevel1                  text         000000
intlevel2                  text         000000
intlevel3                  text         000000
lcd_bcd@F4697              bssCOMRAM    000021
lcd_bcd@uc_digit           cstackCOMRAM 000009
lcd_bcd@ui_decimal         cstackCOMRAM 00000D
lcd_bcd@ui_number          cstackCOMRAM 00000A
lcd_goto@uc_position       cstackCOMRAM 000006
lcd_putchar@c_data         cstackCOMRAM 000006
lcd_putstr@csz_string      cstackCOMRAM 000008
main@condition             cstackCOMRAM 000019
main@peakvalue             cstackCOMRAM 00001B
main@value                 cstackCOMRAM 00001D
main@valueans              cstackCOMRAM 00001F
read_adc_value@i           cstackCOMRAM 00000B
read_adc_value@temp        cstackCOMRAM 00000F
read_adc_value@temp_sum    cstackCOMRAM 00000D
send_lcd_data@b_rs         cstackCOMRAM 000002
send_lcd_data@uc_data      cstackCOMRAM 000003
send_lcd_data@uc_pre_portd cstackCOMRAM 000005
set_lcd_data@uc_data       cstackCOMRAM 000001
set_lcd_e@b_output         cstackCOMRAM 000001
set_lcd_rs@b_output        cstackCOMRAM 000001
start                      init         000000
start_initialization       cinit        000FF8


FUNCTION INFORMATION:

 *************** function _main *****************
 Defined at:
		line 55 in file "C:\Users\Phang\Desktop\current meassure\program\ACS712_Sample_Code\acs712.c"
 Parameters:    Size  Location     Type
		None
 Auto vars:     Size  Location     Type
  valueans        2   30[COMRAM] unsigned int 
  value           2   28[COMRAM] unsigned int 
  peakvalue       2   26[COMRAM] unsigned int 
  condition       2   24[COMRAM] unsigned int 
 Return value:  Size  Location     Type
                  2  113[COMRAM] int 
 Registers used:
		wreg, fsr1l, fsr1h, fsr2l, fsr2h, status,2, status,0, tblptrl, tblptrh, tblptru, cstack
 Tracked objects:
		On entry : 
		On exit  : 
		Unchanged: 
 Data sizes:     COMRAM   BANK0   BANK1   BANK2   BANK3   BANK4   BANK5   BANK6   BANK7
      Params:         0       0       0       0       0       0       0       0       0
      Locals:         8       0       0       0       0       0       0       0       0
      Temps:          2       0       0       0       0       0       0       0       0
      Totals:        10       0       0       0       0       0       0       0       0
Total ram usage:       10 bytes
 Hardware stack levels required when called:    4
 This function calls:
		_lcd_init
		_adc_initialize
		_lcd_clr
		_lcd_putstr
		_lcd_2ndline
		_read_adc_value
		___wmul
		_lcd_goto
		_lcd_bcd
 This function is called by:
		Startup code after reset
 This function uses a non-reentrant model


 *************** function _lcd_init *****************
 Defined at:
		line 117 in file "C:\Users\Phang\Desktop\current meassure\program\ACS712_Sample_Code\lcd.c"
 Parameters:    Size  Location     Type
		None
 Auto vars:     Size  Location     Type
		None
 Return value:  Size  Location     Type
		None               void
 Registers used:
		wreg, status,2, status,0, cstack
 Tracked objects:
		On entry : 
		On exit  : 
		Unchanged: 
 Data sizes:     COMRAM   BANK0   BANK1   BANK2   BANK3   BANK4   BANK5   BANK6   BANK7
      Params:         0       0       0       0       0       0       0       0       0
      Locals:         0       0       0       0       0       0       0       0       0
      Temps:          2       0       0       0       0       0       0       0       0
      Totals:         2       0       0       0       0       0       0       0       0
Total ram usage:        2 bytes
 Hardware stack levels used:    1
 Hardware stack levels required when called:    3
 This function calls:
		_set_lcd_e
		_send_lcd_data
		_lcd_clr
 This function is called by:
		_main
 This function uses a non-reentrant model


 *************** function _lcd_clr *****************
 Defined at:
		line 161 in file "C:\Users\Phang\Desktop\current meassure\program\ACS712_Sample_Code\lcd.c"
 Parameters:    Size  Location     Type
		None
 Auto vars:     Size  Location     Type
		None
 Return value:  Size  Location     Type
		None               void
 Registers used:
		wreg, status,2, status,0, cstack
 Tracked objects:
		On entry : 
		On exit  : 
		Unchanged: 
 Data sizes:     COMRAM   BANK0   BANK1   BANK2   BANK3   BANK4   BANK5   BANK6   BANK7
      Params:         0       0       0       0       0       0       0       0       0
      Locals:         0       0       0       0       0       0       0       0       0
      Temps:          2       0       0       0       0       0       0       0       0
      Totals:         2       0       0       0       0       0       0       0       0
Total ram usage:        2 bytes
 Hardware stack levels used:    1
 Hardware stack levels required when called:    2
 This function calls:
		_send_lcd_data
 This function is called by:
		_lcd_init
		_main
		_lcd_clear_msg
 This function uses a non-reentrant model


 *************** function _lcd_putstr *****************
 Defined at:
		line 266 in file "C:\Users\Phang\Desktop\current meassure\program\ACS712_Sample_Code\lcd.c"
 Parameters:    Size  Location     Type
  csz_string      2    7[COMRAM] PTR const unsigned char 
		 -> STR_6(8), STR_5(5), STR_4(2), STR_3(2), 
		 -> STR_2(8), STR_1(8), 
 Auto vars:     Size  Location     Type
		None
 Return value:  Size  Location     Type
		None               void
 Registers used:
		wreg, status,2, status,0, tblptrl, tblptrh, tblptru, cstack
 Tracked objects:
		On entry : 
		On exit  : 
		Unchanged: 
 Data sizes:     COMRAM   BANK0   BANK1   BANK2   BANK3   BANK4   BANK5   BANK6   BANK7
      Params:         2       0       0       0       0       0       0       0       0
      Locals:         0       0       0       0       0       0       0       0       0
      Temps:          0       0       0       0       0       0       0       0       0
      Totals:         2       0       0       0       0       0       0       0       0
Total ram usage:        2 bytes
 Hardware stack levels used:    1
 Hardware stack levels required when called:    3
 This function calls:
		_lcd_2ndline
		_lcd_putchar
 This function is called by:
		_main
		_lcd_clear_msg
 This function uses a non-reentrant model


 *************** function _lcd_2ndline *****************
 Defined at:
		line 203 in file "C:\Users\Phang\Desktop\current meassure\program\ACS712_Sample_Code\lcd.c"
 Parameters:    Size  Location     Type
		None
 Auto vars:     Size  Location     Type
		None
 Return value:  Size  Location     Type
		None               void
 Registers used:
		wreg, status,2, status,0, cstack
 Tracked objects:
		On entry : 
		On exit  : 
		Unchanged: 
 Data sizes:     COMRAM   BANK0   BANK1   BANK2   BANK3   BANK4   BANK5   BANK6   BANK7
      Params:         0       0       0       0       0       0       0       0       0
      Locals:         0       0       0       0       0       0       0       0       0
      Temps:          2       0       0       0       0       0       0       0       0
      Totals:         2       0       0       0       0       0       0       0       0
Total ram usage:        2 bytes
 Hardware stack levels used:    1
 Hardware stack levels required when called:    2
 This function calls:
		_send_lcd_data
 This function is called by:
		_lcd_putstr
		_main
 This function uses a non-reentrant model


 *************** function _lcd_bcd *****************
 Defined at:
		line 299 in file "C:\Users\Phang\Desktop\current meassure\program\ACS712_Sample_Code\lcd.c"
 Parameters:    Size  Location     Type
  uc_digit        1    8[COMRAM] unsigned char 
  ui_number       2    9[COMRAM] unsigned int 
 Auto vars:     Size  Location     Type
  ui_decimal     10   12[COMRAM] unsigned int [5]
 Return value:  Size  Location     Type
		None               void
 Registers used:
		wreg, fsr1l, fsr1h, fsr2l, fsr2h, status,2, status,0, cstack
 Tracked objects:
		On entry : 
		On exit  : 
		Unchanged: 
 Data sizes:     COMRAM   BANK0   BANK1   BANK2   BANK3   BANK4   BANK5   BANK6   BANK7
      Params:         3       0       0       0       0       0       0       0       0
      Locals:        10       0       0       0       0       0       0       0       0
      Temps:          1       0       0       0       0       0       0       0       0
      Totals:        14       0       0       0       0       0       0       0       0
Total ram usage:       14 bytes
 Hardware stack levels used:    1
 Hardware stack levels required when called:    3
 This function calls:
		___lwdiv
		___lwmod
		_lcd_putchar
		_lcd_goto
 This function is called by:
		_main
 This function uses a non-reentrant model


 *************** function _lcd_goto *****************
 Defined at:
		line 224 in file "C:\Users\Phang\Desktop\current meassure\program\ACS712_Sample_Code\lcd.c"
 Parameters:    Size  Location     Type
  uc_position     1    5[COMRAM] unsigned char 
 Auto vars:     Size  Location     Type
		None
 Return value:  Size  Location     Type
		None               void
 Registers used:
		wreg, status,2, status,0, cstack
 Tracked objects:
		On entry : 
		On exit  : 
		Unchanged: 
 Data sizes:     COMRAM   BANK0   BANK1   BANK2   BANK3   BANK4   BANK5   BANK6   BANK7
      Params:         1       0       0       0       0       0       0       0       0
      Locals:         0       0       0       0       0       0       0       0       0
      Temps:          1       0       0       0       0       0       0       0       0
      Totals:         2       0       0       0       0       0       0       0       0
Total ram usage:        2 bytes
 Hardware stack levels used:    1
 Hardware stack levels required when called:    2
 This function calls:
		_send_lcd_data
 This function is called by:
		_lcd_bcd
		_main
 This function uses a non-reentrant model


 *************** function _lcd_putchar *****************
 Defined at:
		line 245 in file "C:\Users\Phang\Desktop\current meassure\program\ACS712_Sample_Code\lcd.c"
 Parameters:    Size  Location     Type
  c_data          1    5[COMRAM] unsigned char 
 Auto vars:     Size  Location     Type
		None
 Return value:  Size  Location     Type
		None               void
 Registers used:
		wreg, status,2, status,0, cstack
 Tracked objects:
		On entry : 
		On exit  : 
		Unchanged: 
 Data sizes:     COMRAM   BANK0   BANK1   BANK2   BANK3   BANK4   BANK5   BANK6   BANK7
      Params:         1       0       0       0       0       0       0       0       0
      Locals:         0       0       0       0       0       0       0       0       0
      Temps:          1       0       0       0       0       0       0       0       0
      Totals:         2       0       0       0       0       0       0       0       0
Total ram usage:        2 bytes
 Hardware stack levels used:    1
 Hardware stack levels required when called:    2
 This function calls:
		_send_lcd_data
 This function is called by:
		_lcd_putstr
		_lcd_bcd
 This function uses a non-reentrant model


 *************** function _send_lcd_data *****************
 Defined at:
		line 357 in file "C:\Users\Phang\Desktop\current meassure\program\ACS712_Sample_Code\lcd.c"
 Parameters:    Size  Location     Type
  b_rs            1    1[COMRAM] unsigned char 
  uc_data         1    2[COMRAM] unsigned char 
 Auto vars:     Size  Location     Type
  uc_pre_portd    1    4[COMRAM] unsigned char 
 Return value:  Size  Location     Type
		None               void
 Registers used:
		wreg, status,2, status,0, cstack
 Tracked objects:
		On entry : 
		On exit  : 
		Unchanged: 
 Data sizes:     COMRAM   BANK0   BANK1   BANK2   BANK3   BANK4   BANK5   BANK6   BANK7
      Params:         2       0       0       0       0       0       0       0       0
      Locals:         1       0       0       0       0       0       0       0       0
      Temps:          1       0       0       0       0       0       0       0       0
      Totals:         4       0       0       0       0       0       0       0       0
Total ram usage:        4 bytes
 Hardware stack levels used:    1
 Hardware stack levels required when called:    1
 This function calls:
		_set_lcd_rs
		_set_lcd_data
		_set_lcd_e
 This function is called by:
		_lcd_init
		_lcd_clr
		_lcd_2ndline
		_lcd_goto
		_lcd_putchar
		_lcd_home
 This function uses a non-reentrant model


 *************** function _set_lcd_e *****************
 Defined at:
		line 414 in file "C:\Users\Phang\Desktop\current meassure\program\ACS712_Sample_Code\lcd.c"
 Parameters:    Size  Location     Type
  b_output        1    0[COMRAM] unsigned char 
 Auto vars:     Size  Location     Type
		None
 Return value:  Size  Location     Type
		None               void
 Registers used:
		None
 Tracked objects:
		On entry : 
		On exit  : 
		Unchanged: 
 Data sizes:     COMRAM   BANK0   BANK1   BANK2   BANK3   BANK4   BANK5   BANK6   BANK7
      Params:         1       0       0       0       0       0       0       0       0
      Locals:         0       0       0       0       0       0       0       0       0
      Temps:          0       0       0       0       0       0       0       0       0
      Totals:         1       0       0       0       0       0       0       0       0
Total ram usage:        1 bytes
 Hardware stack levels used:    1
 This function calls:
		Nothing
 This function is called by:
		_lcd_init
		_send_lcd_data
 This function uses a non-reentrant model


 *************** function _set_lcd_rs *****************
 Defined at:
		line 434 in file "C:\Users\Phang\Desktop\current meassure\program\ACS712_Sample_Code\lcd.c"
 Parameters:    Size  Location     Type
  b_output        1    0[COMRAM] unsigned char 
 Auto vars:     Size  Location     Type
		None
 Return value:  Size  Location     Type
		None               void
 Registers used:
		None
 Tracked objects:
		On entry : 
		On exit  : 
		Unchanged: 
 Data sizes:     COMRAM   BANK0   BANK1   BANK2   BANK3   BANK4   BANK5   BANK6   BANK7
      Params:         1       0       0       0       0       0       0       0       0
      Locals:         0       0       0       0       0       0       0       0       0
      Temps:          0       0       0       0       0       0       0       0       0
      Totals:         1       0       0       0       0       0       0       0       0
Total ram usage:        1 bytes
 Hardware stack levels used:    1
 This function calls:
		Nothing
 This function is called by:
		_send_lcd_data
 This function uses a non-reentrant model


 *************** function _set_lcd_data *****************
 Defined at:
		line 454 in file "C:\Users\Phang\Desktop\current meassure\program\ACS712_Sample_Code\lcd.c"
 Parameters:    Size  Location     Type
  uc_data         1    0[COMRAM] unsigned char 
 Auto vars:     Size  Location     Type
		None
 Return value:  Size  Location     Type
		None               void
 Registers used:
		wreg, status,2, status,0
 Tracked objects:
		On entry : 
		On exit  : 
		Unchanged: 
 Data sizes:     COMRAM   BANK0   BANK1   BANK2   BANK3   BANK4   BANK5   BANK6   BANK7
      Params:         1       0       0       0       0       0       0       0       0
      Locals:         0       0       0       0       0       0       0       0       0
      Temps:          0       0       0       0       0       0       0       0       0
      Totals:         1       0       0       0       0       0       0       0       0
Total ram usage:        1 bytes
 Hardware stack levels used:    1
 This function calls:
		Nothing
 This function is called by:
		_send_lcd_data
 This function uses a non-reentrant model


 *************** function _adc_initialize *****************
 Defined at:
		line 183 in file "C:\Users\Phang\Desktop\current meassure\program\ACS712_Sample_Code\acs712.c"
 Parameters:    Size  Location     Type
		None
 Auto vars:     Size  Location     Type
		None
 Return value:  Size  Location     Type
		None               void
 Registers used:
		wreg, status,2
 Tracked objects:
		On entry : 
		On exit  : 
		Unchanged: 
 Data sizes:     COMRAM   BANK0   BANK1   BANK2   BANK3   BANK4   BANK5   BANK6   BANK7
      Params:         0       0       0       0       0       0       0       0       0
      Locals:         0       0       0       0       0       0       0       0       0
      Temps:          0       0       0       0       0       0       0       0       0
      Totals:         0       0       0       0       0       0       0       0       0
Total ram usage:        0 bytes
 Hardware stack levels used:    1
 This function calls:
		Nothing
 This function is called by:
		_main
 This function uses a non-reentrant model


 *************** function _read_adc_value *****************
 Defined at:
		line 190 in file "C:\Users\Phang\Desktop\current meassure\program\ACS712_Sample_Code\acs712.c"
 Parameters:    Size  Location     Type
		None
 Auto vars:     Size  Location     Type
  i               2   10[COMRAM] unsigned int 
  temp            2   14[COMRAM] unsigned int 
  temp_sum        2   12[COMRAM] unsigned int 
 Return value:  Size  Location     Type
                  2    8[COMRAM] unsigned int 
 Registers used:
		wreg, status,2, status,0, cstack
 Tracked objects:
		On entry : 
		On exit  : 
		Unchanged: 
 Data sizes:     COMRAM   BANK0   BANK1   BANK2   BANK3   BANK4   BANK5   BANK6   BANK7
      Params:         2       0       0       0       0       0       0       0       0
      Locals:         6       0       0       0       0       0       0       0       0
      Temps:          0       0       0       0       0       0       0       0       0
      Totals:         8       0       0       0       0       0       0       0       0
Total ram usage:        8 bytes
 Hardware stack levels used:    1
 Hardware stack levels required when called:    1
 This function calls:
		___lwdiv
 This function is called by:
		_main
 This function uses a non-reentrant model


 *************** function ___lwdiv *****************
 Defined at:
		line 10 in file "C:\Program Files\Microchip\xc8\v1.12\sources\lwdiv.c"
 Parameters:    Size  Location     Type
  dividend        2    0[COMRAM] unsigned int 
  divisor         2    2[COMRAM] unsigned int 
 Auto vars:     Size  Location     Type
  quotient        2    5[COMRAM] unsigned int 
  counter         1    7[COMRAM] unsigned char 
 Return value:  Size  Location     Type
                  2    0[COMRAM] unsigned int 
 Registers used:
		wreg, status,2, status,0
 Tracked objects:
		On entry : 
		On exit  : 
		Unchanged: 
 Data sizes:     COMRAM   BANK0   BANK1   BANK2   BANK3   BANK4   BANK5   BANK6   BANK7
      Params:         4       0       0       0       0       0       0       0       0
      Locals:         3       0       0       0       0       0       0       0       0
      Temps:          1       0       0       0       0       0       0       0       0
      Totals:         8       0       0       0       0       0       0       0       0
Total ram usage:        8 bytes
 Hardware stack levels used:    1
 This function calls:
		Nothing
 This function is called by:
		_lcd_bcd
		_read_adc_value
 This function uses a non-reentrant model


 *************** function ___lwmod *****************
 Defined at:
		line 10 in file "C:\Program Files\Microchip\xc8\v1.12\sources\lwmod.c"
 Parameters:    Size  Location     Type
  dividend        2    0[COMRAM] unsigned int 
  divisor         2    2[COMRAM] unsigned int 
 Auto vars:     Size  Location     Type
  counter         1    5[COMRAM] unsigned char 
 Return value:  Size  Location     Type
                  2    0[COMRAM] unsigned int 
 Registers used:
		wreg, status,2, status,0
 Tracked objects:
		On entry : 
		On exit  : 
		Unchanged: 
 Data sizes:     COMRAM   BANK0   BANK1   BANK2   BANK3   BANK4   BANK5   BANK6   BANK7
      Params:         4       0       0       0       0       0       0       0       0
      Locals:         1       0       0       0       0       0       0       0       0
      Temps:          1       0       0       0       0       0       0       0       0
      Totals:         6       0       0       0       0       0       0       0       0
Total ram usage:        6 bytes
 Hardware stack levels used:    1
 This function calls:
		Nothing
 This function is called by:
		_lcd_bcd
 This function uses a non-reentrant model


 *************** function ___wmul *****************
 Defined at:
		line 3 in file "C:\Program Files\Microchip\xc8\v1.12\sources\wmul.c"
 Parameters:    Size  Location     Type
  multiplier      2    0[COMRAM] unsigned int 
  multiplicand    2    2[COMRAM] unsigned int 
 Auto vars:     Size  Location     Type
  product         2    4[COMRAM] unsigned int 
 Return value:  Size  Location     Type
                  2    0[COMRAM] unsigned int 
 Registers used:
		wreg, status,2, status,0
 Tracked objects:
		On entry : 
		On exit  : 
		Unchanged: 
 Data sizes:     COMRAM   BANK0   BANK1   BANK2   BANK3   BANK4   BANK5   BANK6   BANK7
      Params:         4       0       0       0       0       0       0       0       0
      Locals:         2       0       0       0       0       0       0       0       0
      Temps:          0       0       0       0       0       0       0       0       0
      Totals:         6       0       0       0       0       0       0       0       0
Total ram usage:        6 bytes
 Hardware stack levels used:    1
 This function calls:
		Nothing
 This function is called by:
		_main
 This function uses a non-reentrant model



MODULE INFORMATION

Module		Function		Class		Link	Load	Size
C:\Users\Phang\Desktop\current meassure\program\ACS712_Sample_Code\acs712.c
		_read_adc_value		CODE           	0DF0	0000	152
		_adc_initialize		CODE           	1076	0000	14
		_main          		CODE           	081A	0000	742

C:\Users\Phang\Desktop\current meassure\program\ACS712_Sample_Code\acs712.c estimated size: 908

shared
		__stringdata   		SMALLCONST     	0800	0000	25
		__initializatio		CODE           	0FF8	0000	30

shared estimated size: 55

C:\Program Files\Microchip\xc8\v1.12\sources\wmul.c
		___wmul        		CODE           	0FBA	0000	62

C:\Program Files\Microchip\xc8\v1.12\sources\wmul.c estimated size: 62

C:\Users\Phang\Desktop\current meassure\program\ACS712_Sample_Code\lcd.c
		_set_lcd_e     		CODE           	1084	0000	12
		_set_lcd_rs    		CODE           	1090	0000	12
		_lcd_2ndline   		CODE           	103A	0000	22
		_set_lcd_data  		CODE           	109C	0000	10
		_lcd_putstr    		CODE           	0EF4	0000	106
		_lcd_putchar   		CODE           	1064	0000	18
		_lcd_clr       		CODE           	1024	0000	22
		_lcd_goto      		CODE           	1050	0000	20
		_lcd_bcd       		CODE           	0B00	0000	316
		_send_lcd_data 		CODE           	0C3C	0000	246
		_lcd_init      		CODE           	0D32	0000	190

C:\Users\Phang\Desktop\current meassure\program\ACS712_Sample_Code\lcd.c estimated size: 974

C:\Program Files\Microchip\xc8\v1.12\sources\lwmod.c
		___lwmod       		CODE           	0F5E	0000	92

C:\Program Files\Microchip\xc8\v1.12\sources\lwmod.c estimated size: 92

C:\Program Files\Microchip\xc8\v1.12\sources\lwdiv.c
		___lwdiv       		CODE           	0E88	0000	108

C:\Program Files\Microchip\xc8\v1.12\sources\lwdiv.c estimated size: 108

